{
  "attributeUpdates": {},
  "expected": {},
  "expressionAttributeNames": {
    "#Id": "Id",
    "#Name": "Name",
    "#LikeCount": "LikeCount",
    "#PhotoCount": "PhotoCount",
    "#VideoCount": "VideoCount"
  },
  "expressionAttributeValues": {
    ":Id": {
      "bool": false,
      "isBOOLSet": false,
      "bs": [],
      "isBSSet": false,
      "l": [],
      "isLSet": false,
      "m": {},
      "isMSet": false,
      "ns": [],
      "isNSSet": false,
      "null": false,
      "s": "3fb8b9df-bab9-4031-b2ae-99b8f04a4940",
      "ss": [],
      "isSSSet": false
    },
    ":Name": {
      "bool": false,
      "isBOOLSet": false,
      "bs": [],
      "isBSSet": false,
      "l": [],
      "isLSet": false,
      "m": {},
      "isMSet": false,
      "ns": [],
      "isNSSet": false,
      "null": false,
      "s": "first last",
      "ss": [],
      "isSSSet": false
    },
    ":LikeCount": {
      "bool": false,
      "isBOOLSet": false,
      "bs": [],
      "isBSSet": false,
      "l": [],
      "isLSet": false,
      "m": {},
      "isMSet": false,
      "n": "1",
      "ns": [],
      "isNSSet": false,
      "null": false,
      "ss": [],
      "isSSSet": false
    },
    ":start": {
      "bool": false,
      "isBOOLSet": false,
      "bs": [],
      "isBSSet": false,
      "l": [],
      "isLSet": false,
      "m": {},
      "isMSet": false,
      "n": "0",
      "ns": [],
      "isNSSet": false,
      "null": false,
      "ss": [],
      "isSSSet": false
    },
    ":PhotoCount": {
      "bool": false,
      "isBOOLSet": false,
      "bs": [],
      "isBSSet": false,
      "l": [],
      "isLSet": false,
      "m": {},
      "isMSet": false,
      "n": "2",
      "ns": [],
      "isNSSet": false,
      "null": false,
      "ss": [],
      "isSSSet": false
    },
    ":VideoCount": {
      "bool": false,
      "isBOOLSet": false,
      "bs": [],
      "isBSSet": false,
      "l": [],
      "isLSet": false,
      "m": {},
      "isMSet": false,
      "n": "-1",
      "ns": [],
      "isNSSet": false,
      "null": false,
      "ss": [],
      "isSSSet": false
    }
  },
  "key": {
    "PK": {
      "bool": false,
      "isBOOLSet": false,
      "bs": [],
      "isBSSet": false,
      "l": [],
      "isLSet": false,
      "m": {},
      "isMSet": false,
      "ns": [],
      "isNSSet": false,
      "null": false,
      "s": "my-pk",
      "ss": [],
      "isSSSet": false
    },
    "SK": {
      "bool": false,
      "isBOOLSet": false,
      "bs": [],
      "isBSSet": false,
      "l": [],
      "isLSet": false,
      "m": {},
      "isMSet": false,
      "ns": [],
      "isNSSet": false,
      "null": false,
      "s": "my-sk",
      "ss": [],
      "isSSSet": false
    }
  },
  "tableName": "SummaryRecord",
  "updateExpression": "SET #Id = :Id, #Name = :Name, #LikeCount = if_not_exists(#LikeCount, :start) \u002B :LikeCount, #PhotoCount = if_not_exists(#PhotoCount, :start) \u002B :PhotoCount, #VideoCount = if_not_exists(#VideoCount, :start) \u002B :VideoCount"
}