{
  "gotRsp": {
    "items": [
      {
        "pk": "book-1",
        "sk": "details",
        "title": "book-title",
        "publishedAt": "2022-12-31T13:00:00Z",
        "price": 100.34,
        "identifier": "8359fc3f-b5ee-4622-9993-2b5cfae03a1e",
        "publishStatus": "Draft"
      }
    ],
    "count": 1,
    "lastEvaluatedKey": {},
    "scannedCount": 1
  },
  "gotRequest": {
    "attributesToGet": [],
    "consistentRead": false,
    "expressionAttributeNames": {
      "#SK": "SK",
      "#PK": "PK"
    },
    "expressionAttributeValues": {
      ":PK": {
        "bool": false,
        "isBOOLSet": false,
        "bs": [],
        "isBSSet": false,
        "l": [],
        "isLSet": false,
        "m": {},
        "isMSet": false,
        "ns": [],
        "isNSSet": false,
        "null": false,
        "s": "partition-key",
        "ss": [],
        "isSSSet": false
      },
      ":SK": {
        "bool": false,
        "isBOOLSet": false,
        "bs": [],
        "isBSSet": false,
        "l": [],
        "isLSet": false,
        "m": {},
        "isMSet": false,
        "ns": [],
        "isNSSet": false,
        "null": false,
        "s": "sort-key",
        "ss": [],
        "isSSSet": false
      }
    },
    "keyConditionExpression": "#PK = :PK and #SK = :SK",
    "keyConditions": {},
    "limit": 50,
    "isLimitSet": true,
    "projectionExpression": "PK, SK, Title, PublishedAt, Price, Identifier, PublishStatus",
    "queryFilter": {},
    "scanIndexForward": false,
    "tableName": "test-store"
  }
}