{
  "gotRequest": {
    "attributeUpdates": {},
    "expected": {},
    "expressionAttributeNames": {
      "#IntValue": "IntValue"
    },
    "expressionAttributeValues": {
      ":start": {
        "bool": false,
        "isBOOLSet": false,
        "bs": [],
        "isBSSet": false,
        "l": [],
        "isLSet": false,
        "m": {},
        "isMSet": false,
        "n": "0",
        "ns": [],
        "isNSSet": false,
        "null": false,
        "ss": [],
        "isSSSet": false
      },
      ":incr": {
        "bool": false,
        "isBOOLSet": false,
        "bs": [],
        "isBSSet": false,
        "l": [],
        "isLSet": false,
        "m": {},
        "isMSet": false,
        "n": "2",
        "ns": [],
        "isNSSet": false,
        "null": false,
        "ss": [],
        "isSSSet": false
      }
    },
    "key": {
      "PK": {
        "bool": false,
        "isBOOLSet": false,
        "bs": [],
        "isBSSet": false,
        "l": [],
        "isLSet": false,
        "m": {},
        "isMSet": false,
        "ns": [],
        "isNSSet": false,
        "null": false,
        "s": "pk",
        "ss": [],
        "isSSSet": false
      },
      "SK": {
        "bool": false,
        "isBOOLSet": false,
        "bs": [],
        "isBSSet": false,
        "l": [],
        "isLSet": false,
        "m": {},
        "isMSet": false,
        "ns": [],
        "isNSSet": false,
        "null": false,
        "s": "sk",
        "ss": [],
        "isSSSet": false
      }
    },
    "tableName": "test-store",
    "updateExpression": "SET #IntValue = if_not_exists(#IntValue, :start) \u002B :incr"
  }
}